// Jest Snapshot v1, https://goo.gl/fbAQLP

exports[`RegexRulesTester.vue handles valid password 1`] = `
<div class="v-sheet theme--light">
  <div class="success--text"><i aria-hidden="true" class="v-icon notranslate mdi mdi-check-circle theme--light success--text"></i>
    8 characters minimum
  </div>
  <div class="success--text"><i aria-hidden="true" class="v-icon notranslate mdi mdi-check-circle theme--light success--text"></i>
    1 uppercase character
  </div>
  <div class="success--text"><i aria-hidden="true" class="v-icon notranslate mdi mdi-check-circle theme--light success--text"></i>
    1 lowercase character
  </div>
  <div class="success--text"><i aria-hidden="true" class="v-icon notranslate mdi mdi-check-circle theme--light success--text"></i>
    1 number
  </div>
  <div class="success--text"><i aria-hidden="true" class="v-icon notranslate mdi mdi-check-circle theme--light success--text"></i>
    1 special character: !, @, #, $, %, ^, &amp;, *, -, _
  </div>
</div>
`;
